---
# Cop supports --autocorrect.
RSpec/SpecifyExpected:
  Exclude:
    - 'ee/spec/graphql/mutations/boards/epic_boards/create_spec.rb'
    - 'ee/spec/graphql/mutations/boards/epic_boards/update_spec.rb'
    - 'ee/spec/lib/sidebars/groups/menus/security_compliance_menu_spec.rb'
    - 'ee/spec/models/ee/users/merge_request_interaction_spec.rb'
    - 'ee/spec/services/security/security_orchestration_policies/update_violations_service_spec.rb'
    - 'spec/finders/ci/freeze_periods_finder_spec.rb'
    - 'spec/finders/groups/user_groups_finder_spec.rb'
    - 'spec/models/integrations/jira_tracker_data_spec.rb'
    - 'spec/policies/merge_request_policy_spec.rb'
    - 'spec/requests/api/graphql/current_user/groups_query_spec.rb'
