// Jest Snapshot v1, https://goo.gl/fbAQLP

exports[`Merge request dashboard user avatar component renders review state icon 1`] = `
<span
  class="-gl-bottom-2 -gl-left-2 gl-absolute gl-bg-status-danger gl-flex gl-h-5 gl-items-center gl-justify-center gl-p-1 gl-rounded-full gl-w-5"
  data-testid="review-state-icon"
>
  <gl-icon-stub
    class="gl-block gl-fill-status-danger"
    name="error"
    size="12"
    variant="current"
  />
</span>
`;
