// Jest Snapshot v1, https://goo.gl/fbAQLP

exports[`NewCluster renders the cluster component correctly 1`] = `
<div
  class="gl-pt-4"
>
  <h4>
    Enter your Kubernetes cluster certificate details
  </h4>
  <p
    data-testid="description"
  >
    Enter details about your cluster.
    <a
      class="gl-link"
      href="/help/user/project/clusters/add_existing_cluster"
    >
      How do I use a certificate to connect to my cluster?
    </a>
  </p>
</div>
`;
