// Jest Snapshot v1, https://goo.gl/fbAQLP

exports[`Design item component when item appears in view after image is loaded renders media broken icon when image onerror triggered 1`] = `
<gl-icon-stub
  name="media-broken"
  size="32"
  variant="subtle"
/>
`;

exports[`Design item component with notes renders item with multiple comments 1`] = `
<a
  class="focus:gl-focus gl-block gl-text-default hover:gl-text-default"
  href="/gitlab-org/gitlab-test/-/work_items/1/designs/test"
>
  <gl-card-stub
    bodyclass="gl-py-3 gl-px-4 gl-flex gl-bg-section gl-rounded-b-base"
    class="design-list-item gl-border-section gl-mb-0 hover:gl-border-strong js-design-list-item"
    footerclass=""
    headerclass=" gl-p-0 gl-flex gl-grow gl-items-center gl-justify-center gl-overflow-hidden gl-relative gl-aspect-video"
  >
    <gl-intersection-observer-stub
      class="gl-flex gl-grow gl-items-center gl-justify-center"
      data-qa-filename="test"
      data-testid="design-image"
    >
      <img
        alt="test"
        class="design-img gl-block gl-max-h-full gl-max-w-full gl-mx-auto gl-w-auto"
        data-testid="design-img-1"
        src="null"
      />
    </gl-intersection-observer-stub>
    <div
      class="gl-flex gl-flex-col gl-truncate"
      data-testid="design-file-name"
    >
      <span
        class="gl-text-sm gl-truncate"
        data-testid="design-img-filename-1"
        title="test"
      >
        test
      </span>
      <span
        class="gl-truncate"
      >
        Updated
        <timeago-stub
          cssclass=""
          datetimeformat="asDateTime"
          href=""
          showdatewhenoverayear="true"
          time="01-01-2019"
          tooltipplacement="bottom"
        />
      </span>
    </div>
    <div
      class="gl-flex gl-items-center gl-ml-auto gl-text-subtle"
    >
      <gl-icon-stub
        class="gl-ml-2"
        name="comments"
        size="16"
        variant="current"
      />
      <span
        aria-label="2 comments"
        class="gl-ml-2 gl-text-sm"
      >
        2
      </span>
    </div>
  </gl-card-stub>
</a>
`;

exports[`Design item component with notes renders item with single comment 1`] = `
<a
  class="focus:gl-focus gl-block gl-text-default hover:gl-text-default"
  href="/gitlab-org/gitlab-test/-/work_items/1/designs/test"
>
  <gl-card-stub
    bodyclass="gl-py-3 gl-px-4 gl-flex gl-bg-section gl-rounded-b-base"
    class="design-list-item gl-border-section gl-mb-0 hover:gl-border-strong js-design-list-item"
    footerclass=""
    headerclass=" gl-p-0 gl-flex gl-grow gl-items-center gl-justify-center gl-overflow-hidden gl-relative gl-aspect-video"
  >
    <gl-intersection-observer-stub
      class="gl-flex gl-grow gl-items-center gl-justify-center"
      data-qa-filename="test"
      data-testid="design-image"
    >
      <img
        alt="test"
        class="design-img gl-block gl-max-h-full gl-max-w-full gl-mx-auto gl-w-auto"
        data-testid="design-img-1"
        src="null"
      />
    </gl-intersection-observer-stub>
    <div
      class="gl-flex gl-flex-col gl-truncate"
      data-testid="design-file-name"
    >
      <span
        class="gl-text-sm gl-truncate"
        data-testid="design-img-filename-1"
        title="test"
      >
        test
      </span>
      <span
        class="gl-truncate"
      >
        Updated
        <timeago-stub
          cssclass=""
          datetimeformat="asDateTime"
          href=""
          showdatewhenoverayear="true"
          time="01-01-2019"
          tooltipplacement="bottom"
        />
      </span>
    </div>
    <div
      class="gl-flex gl-items-center gl-ml-auto gl-text-subtle"
    >
      <gl-icon-stub
        class="gl-ml-2"
        name="comments"
        size="16"
        variant="current"
      />
      <span
        aria-label="1 comment"
        class="gl-ml-2 gl-text-sm"
      >
        1
      </span>
    </div>
  </gl-card-stub>
</a>
`;
