// Jest Snapshot v1, https://goo.gl/fbAQLP

exports[`Design management upload button component renders upload design button 1`] = `
<div
  class="sm:gl-ml-auto"
>
  <gl-button-stub
    buttontextclasses=""
    category="primary"
    icon="media"
    size="medium"
    tag="button"
    title="Adding a design with the same filename replaces the file in a new version."
    type="button"
    variant="default"
  >
    Add design
  </gl-button-stub>
  <input
    accept="image/png, image/jpg, image/jpeg, image/gif, image/bmp, image/tiff, image/ico"
    class="gl-hidden"
    multiple=""
    name="design_file"
    type="file"
  />
</div>
`;
