// Jest Snapshot v1, https://goo.gl/fbAQLP

exports[`publish_method renders 1`] = `
<div
  class="gl-flex gl-items-center"
>
  <gl-icon-stub
    class="gl-mr-2"
    name="merge-request"
    size="16"
    variant="current"
  />
  <span
    class="gl-mr-2"
    data-testid="pipeline-ref"
  >
    master
  </span>
  <gl-icon-stub
    class="gl-mr-2"
    name="commit"
    size="16"
    variant="current"
  />
  <gl-link-stub
    class="gl-mr-2 gl-underline"
    data-testid="pipeline-sha"
    href="/namespace14/project14/-/commit/b83d6e391c22777fca1ed3012fce84f633d7fed0"
  >
    b83d6e39
  </gl-link-stub>
  <clipboard-button-stub
    category="tertiary"
    icon="copy-to-clipboard"
    size="small"
    text="b83d6e391c22777fca1ed3012fce84f633d7fed0"
    title="Copy commit SHA"
    tooltipplacement="top"
    variant="default"
  />
</div>
`;
