// Jest Snapshot v1, https://goo.gl/fbAQLP

exports[`Design management design presentation component currentCommentForm is equal to current annotation position when isAnnotating is true 1`] = `
<div
  class="!gl-overflow-auto gl-h-full gl-p-5 gl-relative gl-w-full"
>
  <div
    class="gl-flex gl-h-full gl-items-center gl-relative gl-w-full"
  >
    <design-image-stub
      image="test.jpg"
      name="test"
      scale="1"
    />
    <design-overlay-stub
      currentcommentform="[object Object]"
      dimensions="[object Object]"
      notes=""
      position="[object Object]"
    />
  </div>
</div>
`;

exports[`Design management design presentation component currentCommentForm is null when isAnnotating is false 1`] = `
<div
  class="!gl-overflow-auto gl-h-full gl-p-5 gl-relative gl-w-full"
>
  <div
    class="gl-flex gl-h-full gl-items-center gl-relative gl-w-full"
  >
    <design-image-stub
      image="test.jpg"
      name="test"
      scale="1"
    />
    <design-overlay-stub
      dimensions="[object Object]"
      notes=""
      position="[object Object]"
    />
  </div>
</div>
`;

exports[`Design management design presentation component currentCommentForm is null when isAnnotating is true but annotation position is falsey 1`] = `
<div
  class="!gl-overflow-auto gl-h-full gl-p-5 gl-relative gl-w-full"
>
  <div
    class="gl-flex gl-h-full gl-items-center gl-relative gl-w-full"
  >
    <design-image-stub
      image="test.jpg"
      name="test"
      scale="1"
    />
    <design-overlay-stub
      dimensions="[object Object]"
      notes=""
      position="[object Object]"
    />
  </div>
</div>
`;

exports[`Design management design presentation component renders empty state when no image provided 1`] = `
<div
  class="!gl-overflow-auto gl-h-full gl-p-5 gl-relative gl-w-full"
>
  <div
    class="gl-flex gl-h-full gl-items-center gl-relative gl-w-full"
  />
</div>
`;

exports[`Design management design presentation component renders image and overlay when image provided 1`] = `
<div
  class="!gl-overflow-auto gl-h-full gl-p-5 gl-relative gl-w-full"
>
  <div
    class="gl-flex gl-h-full gl-items-center gl-relative gl-w-full"
  >
    <design-image-stub
      image="test.jpg"
      name="test"
      scale="1"
    />
    <design-overlay-stub
      dimensions="[object Object]"
      notes=""
      position="[object Object]"
    />
  </div>
</div>
`;
