// Jest Snapshot v1, https://goo.gl/fbAQLP

exports[`Project remove modal initialized matches the snapshot 1`] = `
<gl-form-stub
  action="some/path"
  method="post"
>
  <input
    name="_method"
    type="hidden"
    value="delete"
  />
  <input
    name="authenticity_token"
    type="hidden"
  />
  <delete-modal-stub
    confirmphrase="foo"
    forkscount="3"
    issuescount="1"
    mergerequestscount="2"
    namewithnamespace="Foo / Bar"
    starscount="4"
  />
  <gl-button-stub
    buttontextclasses=""
    category="primary"
    data-testid="delete-button"
    icon=""
    size="medium"
    tag="button"
    type="button"
    variant="danger"
  >
    Delete project
  </gl-button-stub>
</gl-form-stub>
`;
