// Jest Snapshot v1, https://goo.gl/fbAQLP

exports[`GroupItemName template matches the snapshot 1`] = `
<div
  class="gl-flex gl-items-center"
>
  <gl-icon-stub
    class="gl-mr-3"
    name="folder"
    size="16"
    variant="current"
  />
  <div
    class="@sm/panel:gl-flex gl-hidden gl-mr-3 gl-shrink-0"
  >
    <gl-avatar-stub
      alt="avatar"
      entityid="0"
      entityname="Gitlab Org"
      shape="rect"
      size="32"
      src="avatar.png"
    />
  </div>
  <div>
    <span
      class="!gl-text-default gl-font-bold gl-mr-3"
    >
      Gitlab Org
    </span>
    <div>
      <p
        class="!gl-mt-2 gl-mb-0 gl-text-subtle"
      >
        Open source software to collaborate on code
      </p>
    </div>
  </div>
</div>
`;
