// Jest Snapshot v1, https://goo.gl/fbAQLP

exports[`SidebarTodo template renders component container element with proper data attributes 1`] = `
<gl-button-stub
  aria-label="Mark as done"
  buttontextclasses=""
  category="primary"
  class="gl-float-right issuable-header-btn"
  data-issuable-id="1"
  data-issuable-type="epic"
  icon=""
  size="small"
  tag="button"
  type="button"
  variant="default"
>
  <gl-icon-stub
    class="todo-undone"
    name="todo-done"
    size="16"
    style="display: none;"
    variant="current"
  />
  <span
    class="issuable-todo-inner"
  >
    Mark as done
  </span>
</gl-button-stub>
`;
