// Jest Snapshot v1, https://goo.gl/fbAQLP

exports[`DiffsColorsPreview component renders diff colors preview 1`] = `
<div
  class="form-group"
>
  <label>
    Preview
  </label>
  <table
    class="code code-syntax-highlight-theme"
  >
    <tbody>
      <tr
        class="line_holder parallel"
      >
        <td
          class="diff-line-num old old_line"
        >
          <a
            data-linenumber="1"
          />
        </td>
        <td
          class="left-side line_content old parallel"
        >
          <span>
            <span
              class="c1"
            >
              #
              <span
                class="deletion idiff"
              >
                Removed
              </span>
              content
            </span>
          </span>
        </td>
        <td
          class="diff-line-num new new_line"
        >
          <a
            data-linenumber="1"
          />
        </td>
        <td
          class="line_content new parallel right-side"
        >
          <span>
            <span
              class="c1"
            >
              #
              <span
                class="addition idiff"
              >
                Added
              </span>
              content
            </span>
          </span>
        </td>
      </tr>
      <tr
        class="line_holder parallel"
      >
        <td
          class="diff-line-num old old_line"
        >
          <a
            data-linenumber="2"
          />
        </td>
        <td
          class="left-side line_content old parallel"
        >
          <span>
            <span
              class="n"
            >
              v
            </span>
            <span
              class="o"
            >
              =
            </span>
            <span
              class="mi"
            >
              1
            </span>
          </span>
        </td>
        <td
          class="diff-line-num new new_line"
        >
          <a
            data-linenumber="2"
          />
        </td>
        <td
          class="line_content new parallel right-side"
        >
          <span>
            <span
              class="n"
            >
              v
            </span>
            <span
              class="o"
            >
              =
            </span>
            <span
              class="mi"
            >
              1
            </span>
          </span>
        </td>
      </tr>
      <tr
        class="line_holder parallel"
      >
        <td
          class="diff-line-num old old_line"
        >
          <a
            data-linenumber="3"
          />
        </td>
        <td
          class="left-side line_content old parallel"
        >
          <span>
            <span
              class="n"
            >
              s
            </span>
            <span
              class="o"
            >
              =
            </span>
            <span
              class="s"
            >
              "string"
            </span>
          </span>
        </td>
        <td
          class="diff-line-num new new_line"
        >
          <a
            data-linenumber="3"
          />
        </td>
        <td
          class="line_content new parallel right-side"
        >
          <span>
            <span
              class="n"
            >
              s
            </span>
            <span
              class="o"
            >
              =
            </span>
            <span
              class="s"
            >
              "string"
            </span>
          </span>
        </td>
      </tr>
      <tr
        class="line_holder parallel"
      >
        <td
          class="diff-line-num old old_line"
        >
          <a
            data-linenumber="4"
          />
        </td>
        <td
          class="left-side line_content old parallel"
        >
          <span />
        </td>
        <td
          class="diff-line-num new new_line"
        >
          <a
            data-linenumber="4"
          />
        </td>
        <td
          class="line_content new parallel right-side"
        >
          <span />
        </td>
      </tr>
      <tr
        class="line_holder parallel"
      >
        <td
          class="diff-line-num old old_line"
        >
          <a
            data-linenumber="5"
          />
        </td>
        <td
          class="left-side line_content old parallel"
        >
          <span>
            <span
              class="k"
            >
              for
            </span>
            <span
              class="n"
            >
              i
            </span>
            <span
              class="ow"
            >
              in
            </span>
            <span
              class="nb"
            >
              range
            </span>
            <span
              class="p"
            >
              (
            </span>
            <span
              class="o"
            >
              -
            </span>
            <span
              class="mi"
            >
              10
            </span>
            <span
              class="p"
            >
              ,
            </span>
            <span
              class="mi"
            >
              10
            </span>
            <span
              class="p"
            >
              ):
            </span>
          </span>
        </td>
        <td
          class="diff-line-num new new_line"
        >
          <a
            data-linenumber="5"
          />
        </td>
        <td
          class="line_content new parallel right-side"
        >
          <span>
            <span
              class="k"
            >
              for
            </span>
            <span
              class="n"
            >
              i
            </span>
            <span
              class="ow"
            >
              in
            </span>
            <span
              class="nb"
            >
              range
            </span>
            <span
              class="p"
            >
              (
            </span>
            <span
              class="o"
            >
              -
            </span>
            <span
              class="mi"
            >
              10
            </span>
            <span
              class="p"
            >
              ,
            </span>
            <span
              class="mi"
            >
              10
            </span>
            <span
              class="p"
            >
              ):
            </span>
          </span>
        </td>
      </tr>
      <tr
        class="line_holder parallel"
      >
        <td
          class="diff-line-num old old_line"
        >
          <a
            data-linenumber="6"
          />
        </td>
        <td
          class="left-side line_content old parallel"
        >
          <span>
            <span />
            <span
              class="k"
            >
              print
            </span>
            <span
              class="p"
            >
              (
            </span>
            <span
              class="n"
            >
              i
            </span>
            <span
              class="o"
            >
              +
            </span>
            <span
              class="mi"
            >
              1
            </span>
            <span
              class="p"
            >
              )
            </span>
          </span>
        </td>
        <td
          class="diff-line-num new new_line"
        >
          <a
            data-linenumber="6"
          />
        </td>
        <td
          class="line_content new parallel right-side"
        >
          <span>
            <span />
            <span
              class="k"
            >
              print
            </span>
            <span
              class="p"
            >
              (
            </span>
            <span
              class="n"
            >
              i
            </span>
            <span
              class="o"
            >
              +
            </span>
            <span
              class="mi"
            >
              1
            </span>
            <span
              class="p"
            >
              )
            </span>
          </span>
        </td>
      </tr>
      <tr
        class="line_holder parallel"
      >
        <td
          class="diff-line-num old old_line"
        >
          <a
            data-linenumber="7"
          />
        </td>
        <td
          class="left-side line_content old parallel"
        >
          <span />
        </td>
        <td
          class="diff-line-num new new_line"
        >
          <a
            data-linenumber="7"
          />
        </td>
        <td
          class="line_content new parallel right-side"
        >
          <span />
        </td>
      </tr>
      <tr
        class="line_holder parallel"
      >
        <td
          class="diff-line-num old old_line"
        >
          <a
            data-linenumber="8"
          />
        </td>
        <td
          class="left-side line_content old parallel"
        >
          <span>
            <span
              class="k"
            >
              class
            </span>
            <span
              class="nc"
            >
              LinkedList
            </span>
            <span
              class="p"
            >
              (
            </span>
            <span
              class="nb"
            >
              object
            </span>
            <span
              class="p"
            >
              ):
            </span>
          </span>
        </td>
        <td
          class="diff-line-num new new_line"
        >
          <a
            data-linenumber="8"
          />
        </td>
        <td
          class="line_content new parallel right-side"
        >
          <span>
            <span
              class="k"
            >
              class
            </span>
            <span
              class="nc"
            >
              LinkedList
            </span>
            <span
              class="p"
            >
              (
            </span>
            <span
              class="nb"
            >
              object
            </span>
            <span
              class="p"
            >
              ):
            </span>
          </span>
        </td>
      </tr>
      <tr
        class="line_holder parallel"
      >
        <td
          class="diff-line-num old old_line"
        >
          <a
            data-linenumber="9"
          />
        </td>
        <td
          class="left-side line_content old parallel"
        >
          <span>
            <span />
            <span
              class="k"
            >
              def
            </span>
            <span
              class="nf"
            >
              __init__
            </span>
            <span
              class="p"
            >
              (
            </span>
            <span
              class="bp"
            >
              self
            </span>
            <span
              class="p"
            >
              ,
            </span>
            <span
              class="n"
            >
              x
            </span>
            <span
              class="p"
            >
              ):
            </span>
          </span>
        </td>
        <td
          class="diff-line-num new new_line"
        >
          <a
            data-linenumber="9"
          />
        </td>
        <td
          class="line_content new parallel right-side"
        >
          <span>
            <span />
            <span
              class="k"
            >
              def
            </span>
            <span
              class="nf"
            >
              __init__
            </span>
            <span
              class="p"
            >
              (
            </span>
            <span
              class="bp"
            >
              self
            </span>
            <span
              class="p"
            >
              ,
            </span>
            <span
              class="n"
            >
              x
            </span>
            <span
              class="p"
            >
              ):
            </span>
          </span>
        </td>
      </tr>
      <tr
        class="line_holder parallel"
      >
        <td
          class="diff-line-num old old_line"
        >
          <a
            data-linenumber="10"
          />
        </td>
        <td
          class="left-side line_content old parallel"
        >
          <span>
            <span />
            <span
              class="bp"
            >
              self
            </span>
            <span
              class="p"
            >
              .
            </span>
            <span
              class="n"
            >
              val
            </span>
            <span
              class="o"
            >
              =
            </span>
            <span
              class="n"
            >
              x
            </span>
          </span>
        </td>
        <td
          class="diff-line-num new new_line"
        >
          <a
            data-linenumber="10"
          />
        </td>
        <td
          class="line_content new parallel right-side"
        >
          <span>
            <span />
            <span
              class="bp"
            >
              self
            </span>
            <span
              class="p"
            >
              .
            </span>
            <span
              class="n"
            >
              val
            </span>
            <span
              class="o"
            >
              =
            </span>
            <span
              class="n"
            >
              x
            </span>
          </span>
        </td>
      </tr>
      <tr
        class="line_holder parallel"
      >
        <td
          class="diff-line-num old old_line"
        >
          <a
            data-linenumber="11"
          />
        </td>
        <td
          class="left-side line_content old parallel"
        >
          <span>
            <span />
            <span
              class="bp"
            >
              self
            </span>
            <span
              class="p"
            >
              .
            </span>
            <span
              class="nb"
            >
              next
            </span>
            <span
              class="o"
            >
              =
            </span>
            <span
              class="bp"
            >
              None
            </span>
          </span>
        </td>
        <td
          class="diff-line-num new new_line"
        >
          <a
            data-linenumber="11"
          />
        </td>
        <td
          class="line_content new parallel right-side"
        >
          <span>
            <span />
            <span
              class="bp"
            >
              self
            </span>
            <span
              class="p"
            >
              .
            </span>
            <span
              class="nb"
            >
              next
            </span>
            <span
              class="o"
            >
              =
            </span>
            <span
              class="bp"
            >
              None
            </span>
          </span>
        </td>
      </tr>
    </tbody>
  </table>
</div>
`;
