// Jest Snapshot v1, https://goo.gl/fbAQLP

exports[`packages_list_app renders 1`] = `
<div>
  <infrastructure-title-stub
    count="1"
    helpurl="/help/user/packages/terraform_module_registry/_index"
  />
  <infrastructure-search-stub />
  <div>
    <section
      class="gl-empty-state gl-flex gl-flex-col gl-text-center"
    >
      <div
        class="gl-max-w-full"
      >
        <img
          alt=""
          class="gl-dark-invert-keep-hue gl-max-w-full"
          height="144"
          src="helpSvg"
        />
      </div>
      <div
        class="gl-empty-state-content gl-m-auto gl-mx-auto gl-my-0 gl-p-5"
        data-testid="gl-empty-state-content"
      >
        <h2
          class="gl-leading-36 gl-mb-0 gl-mt-0 gl-text-size-h-display h4"
        >
          You have no Terraform modules in your project
        </h2>
        <p
          class="gl-mb-0 gl-mt-4 gl-text-subtle"
        >
          Learn how to
          <a
            class="gl-link"
            href="/help/user/packages/terraform_module_registry/_index"
            rel="noopener noreferrer"
            target="_blank"
          >
            publish and share your packages
          </a>
          with GitLab.
        </p>
        <div
          class="gl-flex gl-flex-wrap gl-justify-center gl-mt-5"
        />
      </div>
    </section>
  </div>
</div>
`;
