// Jest Snapshot v1, https://goo.gl/fbAQLP

exports[`Design management design index page when loaded renders design index 1`] = `
<div
  class="@lg/panel:gl-flex-row design-detail fixed-top gl-bg-subtle gl-flex gl-flex-col gl-justify-center gl-w-full js-design-detail"
>
  <div
    class="gl-flex gl-flex-col gl-grow gl-overflow-hidden gl-relative"
  >
    <toolbar-stub
      __typename="Design"
      description="Test description"
      descriptionhtml="Test description"
      design="[object Object]"
      diffrefs="[object Object]"
      discussions="[object Object]"
      event="NONE"
      filename="test.jpg"
      fullpath="full-design-path"
      id="reference-0"
      iid="1"
      image="test.jpg"
      imagev432x230="test.jpg"
      imported="true"
      islatestversion="true"
      issidebaropen="true"
      issue="[object Object]"
      notescount="0"
      project-path="project-path"
      updatedby="[object Object]"
    />
    <div
      class="@lg/panel:gl-flex-row gl-flex gl-flex-col gl-grow gl-overflow-hidden gl-relative"
    >
      <div
        class="gl-flex gl-flex-col gl-grow-2 gl-overflow-hidden gl-relative"
      >
        <design-presentation-stub
          discussions="[object Object],[object Object]"
          image="test.jpg"
          imagename="test.jpg"
          scale="1"
        />
        <div
          class="design-scaler-wrapper gl-absolute gl-flex gl-items-center gl-justify-center gl-mb-6"
        >
          <design-scaler-stub
            maxscale="2"
          />
        </div>
      </div>
      <div
        design-variables="[object Object]"
      />
    </div>
  </div>
</div>
`;
