// Jest Snapshot v1, https://goo.gl/fbAQLP

exports[`Design management toolbar component renders design and updated data 1`] = `
<header
  class="gl-bg-default gl-border-b gl-flex gl-flex-col gl-justify-between gl-max-w-full gl-pl-5 gl-py-4 js-design-header md:gl-flex-row md:gl-items-center"
>
  <div
    class="gl-flex gl-flex-row gl-items-center gl-mb-3 gl-overflow-hidden md:gl-mb-0"
  >
    <div
      class="gl-flex gl-mr-3 gl-overflow-hidden"
    >
      <h2
        class="gl-flex gl-items-center gl-m-0 gl-overflow-hidden gl-text-base"
      >
        <span
          class="gl-no-underline gl-text-heading gl-truncate"
        >
          My precious issue
        </span>
        <gl-icon-stub
          class="gl-shrink-0"
          name="chevron-right"
          size="16"
          variant="disabled"
        />
        <span
          class="gl-font-normal gl-truncate"
        >
          test.jpg
        </span>
        <imported-badge-stub
          class="gl-ml-2"
        />
      </h2>
      <small
        class="gl-text-subtle"
      >
        Updated 1 hour ago by Test Name
      </small>
    </div>
    <close-button-stub
      class="gl-ml-auto md:gl-hidden"
    />
  </div>
  <div
    class="gl-flex gl-mr-5 gl-shrink-0 md:gl-flex-row md:gl-ml-auto"
  >
    <design-todo-button-stub
      class="gl-ml-0 md:gl-ml-3"
      design="[object Object]"
    />
    <gl-button-stub
      aria-label="Download design"
      buttontextclasses=""
      category="tertiary"
      class="gl-ml-2"
      href="/-/designs/306/7f747adcd4693afadbe968d7ba7d983349b9012d"
      icon="download"
      size="medium"
      tag="button"
      title="Download design"
      type="button"
      variant="default"
    />
    <delete-button-stub
      buttoncategory="tertiary"
      buttonclass=""
      buttonicon="archive"
      buttonsize="medium"
      buttonvariant="default"
      class="gl-ml-2"
      hasselecteddesigns="true"
      title="Archive design"
    />
    <gl-button-stub
      aria-label="Show comments"
      buttontextclasses=""
      category="tertiary"
      class="gl-ml-2 gl-mr-6"
      data-testid="toggle-design-sidebar"
      icon="comments"
      size="medium"
      tag="button"
      title="Show comments"
      type="button"
      variant="default"
    />
    <design-navigation-stub
      class="gl-ml-auto"
      id="reference-0"
    />
  </div>
  <close-button-stub
    class="gl-hidden md:gl-flex"
  />
</header>
`;
