// Jest Snapshot v1, https://goo.gl/fbAQLP

exports[`ConanInstallation renders all the messages 1`] = `
<div>
  <code-instruction-stub
    copytext="Copy Conan Command"
    instruction="conan install @gitlab-org/package-15 --remote=gitlab"
    label="Conan Command"
    trackingaction="copy_conan_command"
    trackinglabel="code_instruction"
  />
  <h3
    class="gl-heading-3 gl-mt-5"
  >
    Registry setup
  </h3>
  <code-instruction-stub
    copytext="Copy Conan Setup Command"
    instruction="conan remote add gitlab http://gdk.test:3000/api/v4/projects/1/packages/conan"
    label="Add Conan Remote"
    trackingaction="copy_conan_setup_command"
    trackinglabel="code_instruction"
  />
  For more information on the Conan registry,
  <gl-link-stub
    href="/help/user/packages/conan_1_repository/_index"
    target="_blank"
  >
    see the documentation
  </gl-link-stub>
  .
</div>
`;
